---
source: tests/snapshot_xml.rs
expression: stdout
---
🔧 OPNsense Config Faker - Configuration Generator 🔧 Generating OPNsense XML configuration... 🔄 Generating 2 VLAN configurations... 📝 Processing 2 configurations... Summary: 📊 Configurations: 2 📁 Output directory: <TEMP_DIR> 🏷️ VLAN IDs: 3811 - 4027 🔧 Firewall number: 5
