---
source: tests/snapshot_xml.rs
expression: interface_section
---
<interfaces>
    <lan>
      <if>em0</if>
      <ipaddr>dhcp</ipaddr>
    </lan>
    <wan>
      <if>em1</if>
      <ipaddr>dhcp</ipaddr>
    </wan>
    <!-- VLAN interfaces will be added here -->
    <opt8>
      <if>em0.2532</if>
      <ipaddr>10.106.89.1</ipaddr>
      <subnet>24</subnet>
      <descr>Development VLAN 2532</descr>
    </opt8>
  </interfaces>
